{
  "version": "1.5.0",
  "plugins_used": [
    {
      "name": "ArtifactoryDetector"
    },
    {
      "name": "AWSKeyDetector"
    },
    {
      "name": "AzureStorageKeyDetector"
    },
    {
      "name": "Base64HighEntropyString",
      "limit": 4.5
    },
    {
      "name": "BasicAuthDetector"
    },
    {
      "name": "CloudantDetector"
    },
    {
      "name": "DiscordBotTokenDetector"
    },
    {
      "name": "GitHubTokenDetector"
    },
    {
      "name": "GitLabTokenDetector"
    },
    {
      "name": "HexHighEntropyString",
      "limit": 3.0
    },
    {
      "name": "IbmCloudIamDetector"
    },
    {
      "name": "IbmCosHmacDetector"
    },
    {
      "name": "IPPublicDetector"
    },
    {
      "name": "JwtTokenDetector"
    },
    {
      "name": "KeywordDetector",
      "keyword_exclude": ""
    },
    {
      "name": "MailchimpDetector"
    },
    {
      "name": "NpmDetector"
    },
    {
      "name": "OpenAIDetector"
    },
    {
      "name": "PrivateKeyDetector"
    },
    {
      "name": "PypiTokenDetector"
    },
    {
      "name": "SendGridDetector"
    },
    {
      "name": "SlackDetector"
    },
    {
      "name": "SoftlayerDetector"
    },
    {
      "name": "SquareOAuthDetector"
    },
    {
      "name": "StripeDetector"
    },
    {
      "name": "TelegramBotTokenDetector"
    },
    {
      "name": "TwilioKeyDetector"
    }
  ],
  "filters_used": [
    {
      "path": "detect_secrets.filters.allowlist.is_line_allowlisted"
    },
    {
      "path": "detect_secrets.filters.common.is_baseline_file",
      "filename": ".secrets.baseline"
    },
    {
      "path": "detect_secrets.filters.common.is_ignored_due_to_verification_policies",
      "min_level": 2
    },
    {
      "path": "detect_secrets.filters.heuristic.is_indirect_reference"
    },
    {
      "path": "detect_secrets.filters.heuristic.is_likely_id_string"
    },
    {
      "path": "detect_secrets.filters.heuristic.is_lock_file"
    },
    {
      "path": "detect_secrets.filters.heuristic.is_not_alphanumeric_string"
    },
    {
      "path": "detect_secrets.filters.heuristic.is_potential_uuid"
    },
    {
      "path": "detect_secrets.filters.heuristic.is_prefixed_with_dollar_sign"
    },
    {
      "path": "detect_secrets.filters.heuristic.is_sequential_string"
    },
    {
      "path": "detect_secrets.filters.heuristic.is_swagger_file"
    },
    {
      "path": "detect_secrets.filters.heuristic.is_templated_secret"
    }
  ],
  "results": {
    "tests/architecture/test_dp15_no_personal_data.py": [
      {
        "type": "Hex High Entropy String",
        "filename": "tests/architecture/test_dp15_no_personal_data.py",
        "hashed_secret": "1285ef33fd731d1b9462cb3995fb8bd722d3e243",
        "is_verified": false,
        "line_number": 193,
        "is_secret": false
      },
      {
        "type": "Hex High Entropy String",
        "filename": "tests/architecture/test_dp15_no_personal_data.py",
        "hashed_secret": "d0f7fb0c20e76a4551d6801e5545ff296f5a9f7f",
        "is_verified": false,
        "line_number": 194,
        "is_secret": false
      },
      {
        "type": "Hex High Entropy String",
        "filename": "tests/architecture/test_dp15_no_personal_data.py",
        "hashed_secret": "fc92d8321b1ee64d2f3ed82fe92fbe9059244455",
        "is_verified": false,
        "line_number": 195,
        "is_secret": false
      },
      {
        "type": "Hex High Entropy String",
        "filename": "tests/architecture/test_dp15_no_personal_data.py",
        "hashed_secret": "6be094017c0ad4eaa31c979c8c2a0ab7e7a3e1cf",
        "is_verified": false,
        "line_number": 196,
        "is_secret": false
      },
      {
        "type": "Hex High Entropy String",
        "filename": "tests/architecture/test_dp15_no_personal_data.py",
        "hashed_secret": "e274454f8d6286e6cb806efbecf4936496b065d6",
        "is_verified": false,
        "line_number": 197,
        "is_secret": false
      },
      {
        "type": "Hex High Entropy String",
        "filename": "tests/architecture/test_dp15_no_personal_data.py",
        "hashed_secret": "c177f28adf2269d35227f4d35bb9c387324bfc3d",
        "is_verified": false,
        "line_number": 198,
        "is_secret": false
      },
      {
        "type": "Hex High Entropy String",
        "filename": "tests/architecture/test_dp15_no_personal_data.py",
        "hashed_secret": "5b6cf0efcb50f53da81112fe6ee41d41fac09501",
        "is_verified": false,
        "line_number": 199,
        "is_secret": false
      },
      {
        "type": "Hex High Entropy String",
        "filename": "tests/architecture/test_dp15_no_personal_data.py",
        "hashed_secret": "ccf9a5f2d578461f2c2e19c368eb4ffe7b08706c",
        "is_verified": false,
        "line_number": 200,
        "is_secret": false
      }
    ],
    ".github/workflows/secret-scan.yml": [
      {
        "type": "Secret Keyword",
        "filename": ".github/workflows/secret-scan.yml",
        "hashed_secret": "868d64c36d887c15ed6e69d304e0957c7a5f2165",
        "is_secret": false,
        "line_number": 117
      }
    ]
  },
  "generated_at": "2026-08-21T03:29:08Z"
}